[dotenv@17.3.1] injecting env (10) from .env.local -- tip: ΓÜí∩╕Å secrets for agents: https://dotenvx.com/as2
SIGN IN DATA: { user: null, session: null }
SIGN IN ERROR: AuthApiError: Database error querying schema
    at handleError (D:\erj softwares\sam\node_modules\@supabase\auth-js\dist\main\lib\fetch.js:66:11)
    at process.processTicksAndRejections (node:internal/process/task_queues:103:5)
    at async _handleRequest (D:\erj softwares\sam\node_modules\@supabase\auth-js\dist\main\lib\fetch.js:109:9)
    at async _request (D:\erj softwares\sam\node_modules\@supabase\auth-js\dist\main\lib\fetch.js:91:18)
    at async SupabaseAuthClient.signInWithPassword (D:\erj softwares\sam\node_modules\@supabase\auth-js\dist\main\GoTrueClient.js:449:23)
    at async testSignIn (D:\erj softwares\sam\test-login.js:10:29) {
  __isAuthError: true,
  status: 500,
  code: 'unexpected_failure'
}
